// Jest Snapshot v1, https://goo.gl/fbAQLP

exports[`Top level App component it renders without crashing 1`] = `ShallowWrapper {}`;
