// Jest Snapshot v1, https://goo.gl/fbAQLP

exports[`CardMaker component it renders without crashing 1`] = `ShallowWrapper {}`;
