// Jest Snapshot v1, https://goo.gl/fbAQLP

exports[`Detailed View component it renders without crashing 1`] = `ShallowWrapper {}`;
