// Jest Snapshot v1, https://goo.gl/fbAQLP

exports[`MicroCardContainer component it renders without crashing 1`] = `undefined`;
