// Jest Snapshot v1, https://goo.gl/fbAQLP

exports[`Nav Bar component it renders without crashing 1`] = `ShallowWrapper {}`;
