// Jest Snapshot v1, https://goo.gl/fbAQLP

exports[`Settings View component it renders without crashing 1`] = `ShallowWrapper {}`;
