// Jest Snapshot v1, https://goo.gl/fbAQLP

exports[`Unavailable Time Container component it renders without crashing 1`] = `ShallowWrapper {}`;
