// Jest Snapshot v1, https://goo.gl/fbAQLP

exports[`UnavailableTimeIndividual component it renders without crashing 1`] = `ShallowWrapper {}`;
