// Jest Snapshot v1, https://goo.gl/fbAQLP

exports[`UnavailableTime component it renders without crashing 1`] = `ShallowWrapper {}`;
